ARM Linker, 5.03 [Build 76] [MDK-ARM Lite]

==============================================================================

Section Cross References

    startup.o(STACK) refers (Special) to heapauxi.o(.text) for __use_two_region_memory
    startup.o(HEAP) refers (Special) to heapauxi.o(.text) for __use_two_region_memory
    startup.o(RESET) refers (Special) to heapauxi.o(.text) for __use_two_region_memory
    startup.o(RESET) refers to startup.o(STACK) for StackMem
    startup.o(RESET) refers to __main.o(!!!main) for __main
    startup.o(.text) refers (Special) to heapauxi.o(.text) for __use_two_region_memory
    startup.o(.text) refers to startup.o(HEAP) for HeapMem
    startup.o(.text) refers to startup.o(STACK) for StackMem
    uart_5.o(i.UART5_READ) refers to uart_5.o(i.UART5_Available) for UART5_Available
    uart_0.o(i.UART0_READ) refers to uart_0.o(i.UART0_Available) for UART0_Available
    uart_0.o(i.printstring) refers to uart_0.o(i.UART0_WRITE) for UART0_WRITE
    doubletostring.o(i.ftoa) refers to ffix.o(x$fpl$ffix) for __aeabi_f2iz
    doubletostring.o(i.ftoa) refers to fflt_clz.o(x$fpl$fflt) for __aeabi_i2f
    doubletostring.o(i.ftoa) refers to faddsub_clz.o(x$fpl$frsb) for __aeabi_frsub
    doubletostring.o(i.ftoa) refers to doubletostring.o(i.intToStr) for intToStr
    doubletostring.o(i.ftoa) refers to dflt_clz.o(x$fpl$dflt) for __aeabi_i2d
    doubletostring.o(i.ftoa) refers to pow.o(i.pow) for pow
    doubletostring.o(i.ftoa) refers to f2d.o(x$fpl$f2d) for __aeabi_f2d
    doubletostring.o(i.ftoa) refers to dmul.o(x$fpl$dmul) for __aeabi_dmul
    doubletostring.o(i.ftoa) refers to d2f.o(x$fpl$d2f) for __aeabi_d2f
    doubletostring.o(i.intToStr) refers to doubletostring.o(i.reverse) for reverse
    gps_calculations.o(i.calculate_distance) refers to uart_0.o(i.printstring) for printstring
    gps_calculations.o(i.calculate_distance) refers to d2f.o(x$fpl$d2f) for __aeabi_d2f
    gps_calculations.o(i.calculate_distance) refers to doubletostring.o(i.ftoa) for ftoa
    gps_calculations.o(i.calculate_distance) refers to deqf.o(x$fpl$deqf) for __aeabi_cdcmpeq
    gps_calculations.o(i.calculate_distance) refers to daddsub_clz.o(x$fpl$dsub) for __aeabi_dsub
    gps_calculations.o(i.calculate_distance) refers to gps_calculations.o(i.deg2rad) for deg2rad
    gps_calculations.o(i.calculate_distance) refers to cos.o(i.cos) for cos
    gps_calculations.o(i.calculate_distance) refers to dmul.o(x$fpl$dmul) for __aeabi_dmul
    gps_calculations.o(i.calculate_distance) refers to sin.o(i.sin) for sin
    gps_calculations.o(i.calculate_distance) refers to daddsub_clz.o(x$fpl$dadd) for __aeabi_dadd
    gps_calculations.o(i.calculate_distance) refers to acos.o(i.acos) for acos
    gps_calculations.o(i.calculate_distance) refers to gps_calculations.o(i.rad2deg) for rad2deg
    gps_calculations.o(i.calculate_distance_accurate) refers to dmul.o(x$fpl$dmul) for __aeabi_dmul
    gps_calculations.o(i.calculate_distance_accurate) refers to daddsub_clz.o(x$fpl$drsb) for __aeabi_drsub
    gps_calculations.o(i.calculate_distance_accurate) refers to cos.o(i.cos) for cos
    gps_calculations.o(i.calculate_distance_accurate) refers to sin.o(i.sin) for sin
    gps_calculations.o(i.calculate_distance_accurate) refers to daddsub_clz.o(x$fpl$dadd) for __aeabi_dadd
    gps_calculations.o(i.calculate_distance_accurate) refers to acos.o(i.acos) for acos
    gps_calculations.o(i.calculate_speed) refers to dflt_clz.o(x$fpl$dflt) for __aeabi_i2d
    gps_calculations.o(i.calculate_speed) refers to ddiv.o(x$fpl$ddiv) for __aeabi_ddiv
    gps_calculations.o(i.deg2rad) refers to dmul.o(x$fpl$dmul) for __aeabi_dmul
    gps_calculations.o(i.deg2rad) refers to ddiv.o(x$fpl$ddiv) for __aeabi_ddiv
    gps_calculations.o(i.rad2deg) refers to dmul.o(x$fpl$dmul) for __aeabi_dmul
    gps_calculations.o(i.rad2deg) refers to ddiv.o(x$fpl$ddiv) for __aeabi_ddiv
    gps_calculations.o(i.read_from_GPS) refers to uart_5.o(i.UART5_READ) for UART5_READ
    gps_calculations.o(i.read_from_GPS) refers to uart_0.o(i.UART0_WRITE) for UART0_WRITE
    gps_calculations.o(i.read_from_GPS) refers to strtok.o(.text) for strtok
    gps_calculations.o(i.read_from_GPS) refers to strcpy.o(.text) for strcpy
    gps_calculations.o(i.read_from_GPS) refers to strcmpv7m.o(.text) for strcmp
    gps_calculations.o(i.read_from_GPS) refers to atof.o(i.atof) for atof
    gps_calculations.o(i.read_from_GPS) refers to ddiv.o(x$fpl$ddiv) for __aeabi_ddiv
    gps_calculations.o(i.read_from_GPS) refers to dfix.o(x$fpl$dfix) for __aeabi_d2iz
    gps_calculations.o(i.read_from_GPS) refers to dflt_clz.o(x$fpl$dflt) for __aeabi_i2d
    gps_calculations.o(i.read_from_GPS) refers to daddsub_clz.o(x$fpl$dsub) for __aeabi_dsub
    gps_calculations.o(i.read_from_GPS) refers to daddsub_clz.o(x$fpl$dadd) for __aeabi_dadd
    gps_calculations.o(i.read_from_GPS) refers to daddsub_clz.o(x$fpl$drsb) for __aeabi_drsub
[...]
    ../clib/angel/scatter.s                  0x00000000   Number         0  __scatter.o ABSOLUTE
    ../clib/angel/startup.s                  0x00000000   Number         0  __main.o ABSOLUTE
    ../clib/angel/sys.s                      0x00000000   Number         0  indicate_semi.o ABSOLUTE
    ../clib/angel/sys.s                      0x00000000   Number         0  use_no_semi.o ABSOLUTE
    ../clib/angel/sys.s                      0x00000000   Number         0  sys_stackheap_outer.o ABSOLUTE
    ../clib/angel/sys.s                      0x00000000   Number         0  libspace.o ABSOLUTE
    ../clib/angel/sysapp.c                   0x00000000   Number         0  sys_command.o ABSOLUTE
    ../clib/angel/sysapp.c                   0x00000000   Number         0  sys_wrch.o ABSOLUTE
    ../clib/angel/sysapp.c                   0x00000000   Number         0  sys_exit.o ABSOLUTE
    ../clib/armsys.c                         0x00000000   Number         0  argv_veneer.o ABSOLUTE
    ../clib/armsys.c                         0x00000000   Number         0  argv_veneer.o ABSOLUTE
    ../clib/armsys.c                         0x00000000   Number         0  no_argv.o ABSOLUTE
    ../clib/armsys.c                         0x00000000   Number         0  _get_argv_nomalloc.o ABSOLUTE
    ../clib/bigflt.c                         0x00000000   Number         0  bigflt0.o ABSOLUTE
    ../clib/btod.s                           0x00000000   Number         0  btod.o ABSOLUTE
    ../clib/ctype.c                          0x00000000   Number         0  isspace.o ABSOLUTE
    ../clib/fenv.c                           0x00000000   Number         0  _rserrno.o ABSOLUTE
    ../clib/heapalloc.c                      0x00000000   Number         0  hrguard.o ABSOLUTE
    ../clib/heapaux.c                        0x00000000   Number         0  heapauxi.o ABSOLUTE
    ../clib/libinit.s                        0x00000000   Number         0  libinit.o ABSOLUTE
    ../clib/libinit.s                        0x00000000   Number         0  libshutdown.o ABSOLUTE
    ../clib/libinit.s                        0x00000000   Number         0  libshutdown2.o ABSOLUTE
    ../clib/libinit.s                        0x00000000   Number         0  libinit2.o ABSOLUTE
    ../clib/locale.s                         0x00000000   Number         0  lc_numeric_c.o ABSOLUTE
    ../clib/locale.s                         0x00000000   Number         0  lc_ctype_c.o ABSOLUTE
    ../clib/longlong.s                       0x00000000   Number         0  llshl.o ABSOLUTE
    ../clib/memcpset.s                       0x00000000   Number         0  strcmpv7m.o ABSOLUTE
    ../clib/memcpset.s                       0x00000000   Number         0  rt_memcpy_w.o ABSOLUTE
    ../clib/scanf.c                          0x00000000   Number         0  strtod.o ABSOLUTE
    ../clib/scanf.c                          0x00000000   Number         0  scanf_infnan.o ABSOLUTE
    ../clib/scanf.c                          0x00000000   Number         0  scanf_fp.o ABSOLUTE
    ../clib/scanf.c                          0x00000000   Number         0  scanf_hexfp.o ABSOLUTE
    ../clib/scanf.c                          0x00000000   Number         0  _chval.o ABSOLUTE
    ../clib/scanf.c                          0x00000000   Number         0  _sgetc.o ABSOLUTE
    ../clib/signal.c                         0x00000000   Number         0  defsig_fpe_inner.o ABSOLUTE
    ../clib/signal.c                         0x00000000   Number         0  defsig_abrt_inner.o ABSOLUTE
    ../clib/signal.c                         0x00000000   Number         0  defsig_rtmem_formal.o ABSOLUTE
    ../clib/signal.c                         0x00000000   Number         0  defsig_stak_inner.o ABSOLUTE
    ../clib/signal.c                         0x00000000   Number         0  __raise.o ABSOLUTE
    ../clib/signal.c                         0x00000000   Number         0  defsig_rtmem_outer.o ABSOLUTE
    ../clib/signal.c                         0x00000000   Number         0  defsig_exit.o ABSOLUTE
    ../clib/signal.c                         0x00000000   Number         0  defsig_other.o ABSOLUTE
    ../clib/signal.c                         0x00000000   Number         0  defsig_segv_inner.o ABSOLUTE
    ../clib/signal.c                         0x00000000   Number         0  defsig_cppl_inner.o ABSOLUTE
    ../clib/signal.c                         0x00000000   Number         0  defsig_pvfn_inner.o ABSOLUTE
    ../clib/signal.c                         0x00000000   Number         0  defsig_rtmem_inner.o ABSOLUTE
    ../clib/signal.c                         0x00000000   Number         0  defsig_rtred_inner.o ABSOLUTE
    ../clib/signal.c                         0x00000000   Number         0  defsig_general.o ABSOLUTE
    ../clib/signal.s                         0x00000000   Number         0  defsig.o ABSOLUTE
    ../clib/stdlib.c                         0x00000000   Number         0  exit.o ABSOLUTE
    ../clib/string.c                         0x00000000   Number         0  strtok_int.o ABSOLUTE
    ../clib/string.c                         0x00000000   Number         0  strspn.o ABSOLUTE
    ../clib/string.c                         0x00000000   Number         0  strtok.o ABSOLUTE
    ../clib/string.c                         0x00000000   Number         0  strcpy.o ABSOLUTE
    ../clib/string.c                         0x00000000   Number         0  strcspn.o ABSOLUTE
    ../fplib/d2f.s                           0x00000000   Number         0  d2f.o ABSOLUTE
    ../fplib/daddsub.s                       0x00000000   Number         0  daddsub_clz.o ABSOLUTE
    ../fplib/dcheck1.s                       0x00000000   Number         0  dcheck1.o ABSOLUTE
    ../fplib/dcmpi.s                         0x00000000   Number         0  dcmpi.o ABSOLUTE
    ../fplib/ddiv.s                          0x00000000   Number         0  ddiv.o ABSOLUTE
    ../fplib/deqf.s                          0x00000000   Number         0  deqf.o ABSOLUTE
    ../fplib/dfix.s                          0x00000000   Number         0  dfix.o ABSOLUTE
    ../fplib/dflt.s                          0x00000000   Number         0  dflt_clz.o ABSOLUTE
    ../fplib/dleqf.s                         0x00000000   Number         0  dleqf.o ABSOLUTE
    ../fplib/dmul.s                          0x00000000   Number         0  dmul.o ABSOLUTE
    ../fplib/dnaninf.s                       0x00000000   Number         0  dnaninf.o ABSOLUTE
    ../fplib/dretinf.s                       0x00000000   Number         0  dretinf.o ABSOLUTE
    ../fplib/drleqf.s                        0x00000000   Number         0  drleqf.o ABSOLUTE
    ../fplib/dsqrt.s                         0x00000000   Number         0  dsqrt_umaal.o ABSOLUTE
    ../fplib/f2d.s                           0x00000000   Number         0  f2d.o ABSOLUTE
    ../fplib/faddsub.s                       0x00000000   Number         0  faddsub_clz.o ABSOLUTE
    ../fplib/ffix.s                          0x00000000   Number         0  ffix.o ABSOLUTE
    ../fplib/fflt.s                          0x00000000   Number         0  fflt_clz.o ABSOLUTE
    ../fplib/fnaninf.s                       0x00000000   Number         0  fnaninf.o ABSOLUTE
    ../fplib/fpconst.s                       0x00000000   Number         0  fpconst.o ABSOLUTE
    ../fplib/fpinit.s                        0x00000000   Number         0  fpinit.o ABSOLUTE
    ../fplib/fretinf.s                       0x00000000   Number         0  fretinf.o ABSOLUTE
    ../fplib/istatus.s                       0x00000000   Number         0  istatus.o ABSOLUTE
    ../fplib/retnan.s                        0x00000000   Number         0  retnan.o ABSOLUTE
    ../fplib/scalbn.s                        0x00000000   Number         0  scalbn.o ABSOLUTE
    ../fplib/scanf1.s                        0x00000000   Number         0  scanf1.o ABSOLUTE
    ../fplib/scanf2.s                        0x00000000   Number         0  scanf2.o ABSOLUTE
    ../fplib/scanf2a.s                       0x00000000   Number         0  scanf2a.o ABSOLUTE
    ../fplib/scanf2b.s                       0x00000000   Number         0  scanf2b.o ABSOLUTE
    ../fplib/trapv.s                         0x00000000   Number         0  trapv.o ABSOLUTE
    ../fplib/usenofp.s                       0x00000000   Number         0  usenofp.o ABSOLUTE
    ../mathlib/acos.c                        0x00000000   Number         0  acos.o ABSOLUTE
    ../mathlib/acos.c                        0x00000000   Number         0  acos_x.o ABSOLUTE
    ../mathlib/atof.c                        0x00000000   Number         0  atof.o ABSOLUTE
    ../mathlib/cos.c                         0x00000000   Number         0  cos.o ABSOLUTE
    ../mathlib/cos.c                         0x00000000   Number         0  cos_x.o ABSOLUTE
    ../mathlib/cos_i.c                       0x00000000   Number         0  cos_i.o ABSOLUTE
    ../mathlib/dunder.c                      0x00000000   Number         0  dunder.o ABSOLUTE
    ../mathlib/fpclassify.c                  0x00000000   Number         0  fpclassify.o ABSOLUTE
    ../mathlib/frexp.c                       0x00000000   Number         0  frexp.o ABSOLUTE
    ../mathlib/ldexp.c                       0x00000000   Number         0  ldexp.o ABSOLUTE
    ../mathlib/ldexp.c                       0x00000000   Number         0  ldexp_x.o ABSOLUTE
    ../mathlib/narrow.c                      0x00000000   Number         0  narrow.o ABSOLUTE
    ../mathlib/poly.c                        0x00000000   Number         0  poly.o ABSOLUTE
    ../mathlib/pow.c                         0x00000000   Number         0  pow.o ABSOLUTE
    ../mathlib/pow.c                         0x00000000   Number         0  pow_x.o ABSOLUTE
    ../mathlib/qnan.c                        0x00000000   Number         0  qnan.o ABSOLUTE
    ../mathlib/rred.c                        0x00000000   Number         0  rred.o ABSOLUTE
    ../mathlib/sin.c                         0x00000000   Number         0  sin.o ABSOLUTE
    ../mathlib/sin.c                         0x00000000   Number         0  sin_x.o ABSOLUTE
    ../mathlib/sin_i.c                       0x00000000   Number         0  sin_i_x.o ABSOLUTE
    ../mathlib/sin_i.c                       0x00000000   Number         0  sin_i.o ABSOLUTE
    ../mathlib/sqrt.c                        0x00000000   Number         0  sqrt_x.o ABSOLUTE
    ../mathlib/sqrt.c                        0x00000000   Number         0  sqrt.o ABSOLUTE
    GpsProject_main.c                        0x00000000   Number         0  gpsproject_main.o ABSOLUTE
    dc.s                                     0x00000000   Number         0  dc.o ABSOLUTE
    includes\Delays\Delays.c                 0x00000000   Number         0  delays.o ABSOLUTE
    includes\GPS_Calculations\GPS_Calculations.c 0x00000000   Number         0  gps_calculations.o ABSOLUTE
    includes\LCD\config_LCD.c                0x00000000   Number         0  config_lcd.o ABSOLUTE
    includes\LCD\display.c                   0x00000000   Number         0  display.o ABSOLUTE
    includes\LCD\man_string.c                0x00000000   Number         0  man_string.o ABSOLUTE
    includes\LCD\timer.c                     0x00000000   Number         0  timer.o ABSOLUTE
    includes\LEDs\LEDs.c                     0x00000000   Number         0  leds.o ABSOLUTE
    includes\Point\Point.c                   0x00000000   Number         0  point.o ABSOLUTE
    includes\UART\UART_0.c                   0x00000000   Number         0  uart_0.o ABSOLUTE
    includes\UART\UART_5.c                   0x00000000   Number         0  uart_5.o ABSOLUTE
    includes\double_to_string\DoubleToString.c 0x00000000   Number         0  doubletostring.o ABSOLUTE
    startup.s                                0x00000000   Number         0  startup.o ABSOLUTE
    !!!main                                  0x00000284   Section        8  __main.o(!!!main)
    !!!scatter                               0x0000028c   Section       52  __scatter.o(!!!scatter)
    !!handler_copy                           0x000002c0   Section       26  __scatter_copy.o(!!handler_copy)
    !!handler_zi                             0x000002dc   Section       28  __scatter_zi.o(!!handler_zi)
    .ARM.Collect$$libinit$$00000000          0x000002f8   Section        2  libinit.o(.ARM.Collect$$libinit$$00000000)
    .ARM.Collect$$libinit$$00000002          0x000002fa   Section        0  libinit2.o(.ARM.Collect$$libinit$$00000002)
    .ARM.Collect$$libinit$$00000008          0x000002fa   Section        0  libinit2.o(.ARM.Collect$$libinit$$00000008)
    .ARM.Collect$$libinit$$0000000A          0x000002fa   Section        0  libinit2.o(.ARM.Collect$$libinit$$0000000A)
    .ARM.Collect$$libinit$$0000000C          0x000002fa   Section        0  libinit2.o(.ARM.Collect$$libinit$$0000000C)
    .ARM.Collect$$libinit$$0000000D          0x000002fa   Section        6  libinit2.o(.ARM.Collect$$libinit$$0000000D)
    .ARM.Collect$$libinit$$0000000F          0x00000300   Section        0  libinit2.o(.ARM.Collect$$libinit$$0000000F)
    .ARM.Collect$$libinit$$00000010          0x00000300   Section       12  libinit2.o(.ARM.Collect$$libinit$$00000010)
    .ARM.Collect$$libinit$$00000011          0x0000030c   Section        0  libinit2.o(.ARM.Collect$$libinit$$00000011)
    .ARM.Collect$$libinit$$00000013          0x0000030c   Section        0  libinit2.o(.ARM.Collect$$libinit$$00000013)
    .ARM.Collect$$libinit$$00000014          0x0000030c   Section       10  libinit2.o(.ARM.Collect$$libinit$$00000014)
    .ARM.Collect$$libinit$$00000015          0x00000316   Section        0  libinit2.o(.ARM.Collect$$libinit$$00000015)
    .ARM.Collect$$libinit$$00000017          0x00000316   Section        0  libinit2.o(.ARM.Collect$$libinit$$00000017)
    .ARM.Collect$$libinit$$00000019          0x00000316   Section        0  libinit2.o(.ARM.Collect$$libinit$$00000019)
    .ARM.Collect$$libinit$$0000001B          0x00000316   Section        0  libinit2.o(.ARM.Collect$$libinit$$0000001B)
    .ARM.Collect$$libinit$$0000001D          0x00000316   Section        0  libinit2.o(.ARM.Collect$$libinit$$0000001D)
    .ARM.Collect$$libinit$$0000001F          0x00000316   Section        0  libinit2.o(.ARM.Collect$$libinit$$0000001F)
    .ARM.Collect$$libinit$$00000021          0x00000316   Section        0  libinit2.o(.ARM.Collect$$libinit$$00000021)
    .ARM.Collect$$libinit$$00000023          0x00000316   Section        0  libinit2.o(.ARM.Collect$$libinit$$00000023)
    .ARM.Collect$$libinit$$0000002A          0x00000316   Section        0  libinit2.o(.ARM.Collect$$libinit$$0000002A)
    .ARM.Collect$$libinit$$0000002C          0x00000316   Section        0  libinit2.o(.ARM.Collect$$libinit$$0000002C)
    .ARM.Collect$$libinit$$0000002E          0x00000316   Section        0  libinit2.o(.ARM.Collect$$libinit$$0000002E)
    .ARM.Collect$$libinit$$00000030          0x00000316   Section        0  libinit2.o(.ARM.Collect$$libinit$$00000030)
    .ARM.Collect$$libinit$$00000031          0x00000316   Section        2  libinit2.o(.ARM.Collect$$libinit$$00000031)
    .ARM.Collect$$libshutdown$$00000000      0x00000318   Section        2  libshutdown.o(.ARM.Collect$$libshutdown$$00000000)
    .ARM.Collect$$libshutdown$$00000003      0x0000031a   Section        0  libshutdown2.o(.ARM.Collect$$libshutdown$$00000003)
    .ARM.Collect$$libshutdown$$00000006      0x0000031a   Section        0  libshutdown2.o(.ARM.Collect$$libshutdown$$00000006)
    .ARM.Collect$$libshutdown$$00000009      0x0000031a   Section        0  libshutdown2.o(.ARM.Collect$$libshutdown$$00000009)
    .ARM.Collect$$libshutdown$$0000000B      0x0000031a   Section        0  libshutdown2.o(.ARM.Collect$$libshutdown$$0000000B)
    .ARM.Collect$$libshutdown$$0000000E      0x0000031a   Section        0  libshutdown2.o(.ARM.Collect$$libshutdown$$0000000E)
    .ARM.Collect$$libshutdown$$0000000F      0x0000031a   Section        2  libshutdown2.o(.ARM.Collect$$libshutdown$$0000000F)
    .ARM.Collect$$rtentry$$00000000          0x0000031c   Section        0  rtentry.o(.ARM.Collect$$rtentry$$00000000)
    .ARM.Collect$$rtentry$$00000002          0x0000031c   Section        0  rtentry2.o(.ARM.Collect$$rtentry$$00000002)
    .ARM.Collect$$rtentry$$00000004          0x0000031c   Section        6  rtentry4.o(.ARM.Collect$$rtentry$$00000004)
    .ARM.Collect$$rtentry$$00000009          0x00000322   Section        0  rtentry2.o(.ARM.Collect$$rtentry$$00000009)
    .ARM.Collect$$rtentry$$0000000A          0x00000322   Section        4  rtentry2.o(.ARM.Collect$$rtentry$$0000000A)
    .ARM.Collect$$rtentry$$0000000C          0x00000326   Section        0  rtentry2.o(.ARM.Collect$$rtentry$$0000000C)
    .ARM.Collect$$rtentry$$0000000D          0x00000326   Section        8  rtentry2.o(.ARM.Collect$$rtentry$$0000000D)
    .ARM.Collect$$rtexit$$00000000           0x0000032e   Section        2  rtexit.o(.ARM.Collect$$rtexit$$00000000)
    .ARM.Collect$$rtexit$$00000002           0x00000330   Section        0  rtexit2.o(.ARM.Collect$$rtexit$$00000002)
    .ARM.Collect$$rtexit$$00000003           0x00000330   Section        4  rtexit2.o(.ARM.Collect$$rtexit$$00000003)
    .ARM.Collect$$rtexit$$00000004           0x00000334   Section        6  rtexit2.o(.ARM.Collect$$rtexit$$00000004)
    .text                                    0x0000033c   Section       48  startup.o(.text)
    .text                                    0x0000036c   Section        0  strtok.o(.text)
    .text                                    0x00000378   Section        0  strcpy.o(.text)
    .text                                    0x000003c0   Section      100  rt_memcpy_w.o(.text)
    .text                                    0x00000424   Section      128  strcmpv7m.o(.text)
    .text                                    0x000004a4   Section        0  heapauxi.o(.text)
    .text                                    0x000004aa   Section        0  _rserrno.o(.text)
    .text                                    0x000004c0   Section        0  strtod.o(.text)
    _local_sscanf                            0x000004c1   Thumb Code    60  strtod.o(.text)
    .text                                    0x00000560   Section        0  strtok_int.o(.text)
    .text                                    0x000005a4   Section        8  rt_errno_addr_intlibspace.o(.text)
    .text                                    0x000005ac   Section        0  isspace.o(.text)
    .text                                    0x000005be   Section        0  _sgetc.o(.text)
    .text                                    0x000005fe   Section        0  strcspn.o(.text)
    .text                                    0x0000061e   Section        0  strspn.o(.text)
    .text                                    0x0000063c   Section        8  libspace.o(.text)
    .text                                    0x00000644   Section       74  sys_stackheap_outer.o(.text)
    .text                                    0x00000690   Section       16  rt_ctype_table.o(.text)
    .text                                    0x000006a0   Section        0  scanf_fp.o(.text)
    _fp_value                                0x000006a1   Thumb Code   504  scanf_fp.o(.text)
    .text                                    0x00000b44   Section        0  exit.o(.text)
    .text                                    0x00000b50   Section        8  rt_locale_intlibspace.o(.text)
    .text                                    0x00000b58   Section        0  bigflt0.o(.text)
    .text                                    0x00000c3c   Section        0  scanf_hexfp.o(.text)
    .text                                    0x00000f50   Section        0  scanf_infnan.o(.text)
    .text                                    0x0000108c   Section        0  sys_exit.o(.text)
    .text                                    0x00001098   Section       38  llshl.o(.text)
    .text                                    0x000010be   Section        0  _chval.o(.text)
    .text                                    0x000010da   Section        2  use_no_semi.o(.text)
    .text                                    0x000010dc   Section        0  indicate_semi.o(.text)
    CL$$btod_div_common                      0x000010dc   Section      824  btod.o(CL$$btod_div_common)
    CL$$btod_e2d                             0x00001414   Section       84  btod.o(CL$$btod_e2d)
    CL$$btod_e2e                             0x00001468   Section      198  btod.o(CL$$btod_e2e)
    CL$$btod_ediv                            0x0000152e   Section       40  btod.o(CL$$btod_ediv)
    CL$$btod_edivd                           0x00001556   Section       40  btod.o(CL$$btod_edivd)
    CL$$btod_emul                            0x0000157e   Section       40  btod.o(CL$$btod_emul)
    CL$$btod_emuld                           0x000015a6   Section       40  btod.o(CL$$btod_emuld)
    CL$$btod_mult_common                     0x000015ce   Section      580  btod.o(CL$$btod_mult_common)
    i.LCD_Cmd                                0x00001814   Section        0  config_lcd.o(i.LCD_Cmd)
    i.LCD_Data                               0x00001878   Section        0  config_lcd.o(i.LCD_Data)
    i.LCD_init                               0x000018dc   Section        0  config_lcd.o(i.LCD_init)
    i.PortF_LEDs_Init                        0x000019c4   Section        0  leds.o(i.PortF_LEDs_Init)
    i.UART0_Init                             0x00001a04   Section        0  uart_0.o(i.UART0_Init)
    i.UART0_WRITE                            0x00001a8c   Section        0  uart_0.o(i.UART0_WRITE)
    i.UART5_Available                        0x00001aa4   Section        0  uart_5.o(i.UART5_Available)
    i.UART5_Init                             0x00001abc   Section        0  uart_5.o(i.UART5_Init)
    i.UART5_READ                             0x00001b44   Section        0  uart_5.o(i.UART5_READ)
    i.__ARM_fpclassify                       0x00001b5c   Section        0  fpclassify.o(i.__ARM_fpclassify)
    i.__ieee754_rem_pio2                     0x00001b84   Section        0  rred.o(i.__ieee754_rem_pio2)
    i.__kernel_cos                           0x00001f0c   Section        0  cos_i.o(i.__kernel_cos)
    i.__kernel_poly                          0x00002008   Section        0  poly.o(i.__kernel_poly)
    i.__kernel_sin                           0x000020b4   Section        0  sin_i.o(i.__kernel_sin)
    i.__mathlib_dbl_underflow                0x000021a0   Section        0  dunder.o(i.__mathlib_dbl_underflow)
    i.__mathlib_narrow                       0x000021b0   Section        0  narrow.o(i.__mathlib_narrow)
    i.__mathlib_tofloat                      0x000021c0   Section        0  narrow.o(i.__mathlib_tofloat)
    i.__support_ldexp                        0x00002248   Section        0  ldexp.o(i.__support_ldexp)
    i._is_digit                              0x0000225e   Section        0  scanf_fp.o(i._is_digit)
    i.acos                                   0x0000226c   Section        0  acos.o(i.acos)
    i.atof                                   0x000024f4   Section        0  atof.o(i.atof)
    i.calculate_distance_accurate            0x00002520   Section        0  gps_calculations.o(i.calculate_distance_accurate)
    i.cos                                    0x0000262c   Section        0  cos.o(i.cos)
    i.delay                                  0x000026d8   Section        0  timer.o(i.delay)
    i.delay_init                             0x000026f4   Section        0  timer.o(i.delay_init)
    i.delay_milli                            0x00002712   Section        0  timer.o(i.delay_milli)
    i.display_string_on_LCD                  0x0000272a   Section        0  display.o(i.display_string_on_LCD)
    i.frexp                                  0x00002758   Section        0  frexp.o(i.frexp)
    i.ftoa                                   0x000027b0   Section        0  doubletostring.o(i.ftoa)
    i.intToStr                               0x00002840   Section        0  doubletostring.o(i.intToStr)
    i.ldexp                                  0x00002888   Section        0  ldexp.o(i.ldexp)
    i.main                                   0x00002908   Section        0  gpsproject_main.o(i.main)
    i.pow                                    0x00002b9c   Section        0  pow.o(i.pow)
    i.printstring                            0x0000357c   Section        0  uart_0.o(i.printstring)
    i.read_from_GPS                          0x00003594   Section        0  gps_calculations.o(i.read_from_GPS)
    i.reverse                                0x000037fc   Section        0  doubletostring.o(i.reverse)
    i.sin                                    0x00003818   Section        0  sin.o(i.sin)
    i.sqrt                                   0x000038c8   Section        0  sqrt.o(i.sqrt)
    locale$$code                             0x00003914   Section       44  lc_numeric_c.o(locale$$code)
    locale$$code                             0x00003940   Section       44  lc_ctype_c.o(locale$$code)
    x$fpl$d2f                                0x0000396c   Section       98  d2f.o(x$fpl$d2f)
    x$fpl$dadd                               0x000039d0   Section      336  daddsub_clz.o(x$fpl$dadd)
    _dadd1                                   0x000039e1   Thumb Code     0  daddsub_clz.o(x$fpl$dadd)
    x$fpl$dcheck1                            0x00003b20   Section       16  dcheck1.o(x$fpl$dcheck1)
    x$fpl$dcmpinf                            0x00003b30   Section       24  dcmpi.o(x$fpl$dcmpinf)
    x$fpl$ddiv                               0x00003b48   Section      688  ddiv.o(x$fpl$ddiv)
    ddiv_entry                               0x00003b4f   Thumb Code     0  ddiv.o(x$fpl$ddiv)
    x$fpl$deqf                               0x00003df8   Section      120  deqf.o(x$fpl$deqf)
    x$fpl$dfix                               0x00003e70   Section       94  dfix.o(x$fpl$dfix)
    x$fpl$dflt                               0x00003ece   Section       46  dflt_clz.o(x$fpl$dflt)
    x$fpl$dfltu                              0x00003efc   Section       38  dflt_clz.o(x$fpl$dfltu)
    x$fpl$dleqf                              0x00003f24   Section      120  dleqf.o(x$fpl$dleqf)
    x$fpl$dmul                               0x00003f9c   Section      340  dmul.o(x$fpl$dmul)
    x$fpl$dnaninf                            0x000040f0   Section      156  dnaninf.o(x$fpl$dnaninf)
    x$fpl$dretinf                            0x0000418c   Section       12  dretinf.o(x$fpl$dretinf)
    x$fpl$drleqf                             0x00004198   Section      108  drleqf.o(x$fpl$drleqf)
    x$fpl$drsb                               0x00004204   Section       22  daddsub_clz.o(x$fpl$drsb)
    x$fpl$dsqrt                              0x0000421c   Section      408  dsqrt_umaal.o(x$fpl$dsqrt)
    x$fpl$dsub                               0x000043b4   Section      468  daddsub_clz.o(x$fpl$dsub)
    _dsub1                                   0x000043c5   Thumb Code     0  daddsub_clz.o(x$fpl$dsub)
    x$fpl$f2d                                0x00004588   Section       86  f2d.o(x$fpl$f2d)
    x$fpl$fadd                               0x000045e0   Section      196  faddsub_clz.o(x$fpl$fadd)
    _fadd1                                   0x000045ef   Thumb Code     0  faddsub_clz.o(x$fpl$fadd)
    x$fpl$ffix                               0x000046a4   Section       54  ffix.o(x$fpl$ffix)
    x$fpl$fflt                               0x000046dc   Section       48  fflt_clz.o(x$fpl$fflt)
    x$fpl$fnaninf                            0x0000470c   Section      140  fnaninf.o(x$fpl$fnaninf)
    x$fpl$fretinf                            0x00004798   Section       10  fretinf.o(x$fpl$fretinf)
    x$fpl$frsb                               0x000047a2   Section       20  faddsub_clz.o(x$fpl$frsb)
    x$fpl$fsub                               0x000047b8   Section      234  faddsub_clz.o(x$fpl$fsub)
    _fsub1                                   0x000047c7   Thumb Code     0  faddsub_clz.o(x$fpl$fsub)
    x$fpl$retnan                             0x000048a2   Section      100  retnan.o(x$fpl$retnan)
    x$fpl$scalbn                             0x00004906   Section       92  scalbn.o(x$fpl$scalbn)
    x$fpl$scanf1                             0x00004962   Section        4  scanf1.o(x$fpl$scanf1)
    x$fpl$scanf2                             0x00004966   Section        8  scanf2.o(x$fpl$scanf2)
    x$fpl$trapveneer                         0x0000496e   Section       48  trapv.o(x$fpl$trapveneer)
    x$fpl$usenofp                            0x0000499e   Section        0  usenofp.o(x$fpl$usenofp)
    .constdata                               0x000049a0   Section       80  acos.o(.constdata)
    pS                                       0x000049a0   Data          48  acos.o(.constdata)
    qS                                       0x000049d0   Data          32  acos.o(.constdata)
    .constdata                               0x000049f0   Section      136  pow.o(.constdata)
    bp                                       0x000049f0   Data          16  pow.o(.constdata)
    dp_h                                     0x00004a00   Data          16  pow.o(.constdata)
    dp_l                                     0x00004a10   Data          16  pow.o(.constdata)
    L                                        0x00004a20   Data          48  pow.o(.constdata)
    P                                        0x00004a50   Data          40  pow.o(.constdata)
    .constdata                               0x00004a78   Section       48  cos_i.o(.constdata)
    C                                        0x00004a78   Data          48  cos_i.o(.constdata)
    .constdata                               0x00004aa8   Section        8  qnan.o(.constdata)
    .constdata                               0x00004ab0   Section      200  rred.o(.constdata)
    pio2s                                    0x00004ab0   Data          48  rred.o(.constdata)
    twooverpi                                0x00004ae0   Data         152  rred.o(.constdata)
    .constdata                               0x00004b78   Section       40  sin_i.o(.constdata)
    S                                        0x00004b78   Data          40  sin_i.o(.constdata)
    .constdata                               0x00004ba0   Section      148  bigflt0.o(.constdata)
    tenpwrs_x                                0x00004ba0   Data          60  bigflt0.o(.constdata)
    tenpwrs_i                                0x00004bdc   Data          64  bigflt0.o(.constdata)
    c$$dinf                                  0x00004c54   Section        8  fpconst.o(c$$dinf)
    locale$$data                             0x00004c5c   Section       28  lc_numeric_c.o(locale$$data)
    __lcnum_c_name                           0x00004c60   Data           2  lc_numeric_c.o(locale$$data)
    __lcnum_c_start                          0x00004c68   Data           0  lc_numeric_c.o(locale$$data)
    __lcnum_c_point                          0x00004c74   Data           0  lc_numeric_c.o(locale$$data)
    __lcnum_c_thousands                      0x00004c76   Data           0  lc_numeric_c.o(locale$$data)
    __lcnum_c_grouping                       0x00004c77   Data           0  lc_numeric_c.o(locale$$data)
    locale$$data                             0x00004c78   Section      272  lc_ctype_c.o(locale$$data)
    __lcnum_c_end                            0x00004c78   Data           0  lc_numeric_c.o(locale$$data)
    __lcctype_c_name                         0x00004c7c   Data           2  lc_ctype_c.o(locale$$data)
    __lcctype_c_start                        0x00004c84   Data           0  lc_ctype_c.o(locale$$data)
    __lcctype_c_end                          0x00004d88   Data           0  lc_ctype_c.o(locale$$data)
    .data                                    0x20000000   Section        4  strtok.o(.data)
    _strtok_saves1                           0x20000000   Data           4  strtok.o(.data)
    .bss                                     0x20000004   Section       96  libspace.o(.bss)
    HEAP                                     0x20000068   Section        0  startup.o(HEAP)
    STACK                                    0x20000068   Section    16896  startup.o(STACK)
    HeapMem                                  0x20000068   Data           0  startup.o(HEAP)
    StackMem                                 0x20000068   Data           0  startup.o(STACK)

    Global Symbols

    Symbol Name                              Value     Ov Type        Size  Object(Section)

    BuildAttributes$$THM_ISAv4$E$P$D$K$B$S$7EM$PE$A:L22UL41UL21$X:L11$S22US41US21$IEEE1$IW$USESV6$~STKCKD$USESV7$~SHL$OTIME$ROPI$IEEEX$EBA8$UX$STANDARDLIB$REQ8$PRES8$EABIv2 0x00000000   Number         0  anon$$obj.o ABSOLUTE
    __ARM_use_no_argv                        0x00000000   Number         0  gpsproject_main.o ABSOLUTE
    __Vectors                                0x00000000   Data           0  startup.o(RESET)
    __ARM_exceptions_init                     - Undefined Weak Reference
    __alloca_initialize                       - Undefined Weak Reference
    __cpp_initialize__aeabi_                  - Undefined Weak Reference
    __cxa_finalize                            - Undefined Weak Reference
    __sigvec_lookup                           - Undefined Weak Reference
    _atexit_init                              - Undefined Weak Reference
    _call_atexit_fns                          - Undefined Weak Reference
    _clock_init                               - Undefined Weak Reference
    _fp_trap_init                             - Undefined Weak Reference
    _fp_trap_shutdown                         - Undefined Weak Reference
    _get_lc_collate                           - Undefined Weak Reference
    _get_lc_monetary                          - Undefined Weak Reference
    _get_lc_time                              - Undefined Weak Reference
    _getenv_init                              - Undefined Weak Reference
    _handle_redirection                       - Undefined Weak Reference
    _init_alloc                               - Undefined Weak Reference
    _init_user_alloc                          - Undefined Weak Reference
    _initio                                   - Undefined Weak Reference
    _rand_init                                - Undefined Weak Reference
    _signal_finish                            - Undefined Weak Reference
    _signal_init                              - Undefined Weak Reference
    _terminate_alloc                          - Undefined Weak Reference
    _terminate_user_alloc                     - Undefined Weak Reference
    _terminateio                              - Undefined Weak Reference
    Reset_Handler                            0x0000026d   Thumb Code     0  startup.o(RESET)
    NMI_Handler                              0x00000271   Thumb Code     2  startup.o(RESET)
    HardFault_Handler                        0x00000273   Thumb Code     2  startup.o(RESET)
    MemManage_Handler                        0x00000275   Thumb Code     2  startup.o(RESET)
    BusFault_Handler                         0x00000277   Thumb Code     2  startup.o(RESET)
    UsageFault_Handler                       0x00000279   Thumb Code     2  startup.o(RESET)
    SVC_Handler                              0x0000027b   Thumb Code     2  startup.o(RESET)
    DebugMon_Handler                         0x0000027d   Thumb Code     2  startup.o(RESET)
    PendSV_Handler                           0x0000027f   Thumb Code     2  startup.o(RESET)
    SysTick_Handler                          0x00000281   Thumb Code     2  startup.o(RESET)
    ADC0Seq0_Handler                         0x00000283   Thumb Code     0  startup.o(RESET)
    ADC0Seq1_Handler                         0x00000283   Thumb Code     0  startup.o(RESET)
    ADC0Seq2_Handler                         0x00000283   Thumb Code     0  startup.o(RESET)
    ADC0Seq3_Handler                         0x00000283   Thumb Code     0  startup.o(RESET)
    ADC1Seq0_Handler                         0x00000283   Thumb Code     0  startup.o(RESET)
    ADC1Seq1_Handler                         0x00000283   Thumb Code     0  startup.o(RESET)
    ADC1Seq2_Handler                         0x00000283   Thumb Code     0  startup.o(RESET)
    ADC1Seq3_Handler                         0x00000283   Thumb Code     0  startup.o(RESET)
    CAN0_Handler                             0x00000283   Thumb Code     0  startup.o(RESET)
    CAN1_Handler                             0x00000283   Thumb Code     0  startup.o(RESET)
    CAN2_Handler                             0x00000283   Thumb Code     0  startup.o(RESET)
    Comp0_Handler                            0x00000283   Thumb Code     0  startup.o(RESET)
    Comp1_Handler                            0x00000283   Thumb Code     0  startup.o(RESET)
    Comp2_Handler                            0x00000283   Thumb Code     0  startup.o(RESET)
    Ethernet_Handler                         0x00000283   Thumb Code     0  startup.o(RESET)
    ExtBus_Handler                           0x00000283   Thumb Code     0  startup.o(RESET)
    FPU_Handler                              0x00000283   Thumb Code     0  startup.o(RESET)
    Fan0_Handler                             0x00000283   Thumb Code     0  startup.o(RESET)
    FlashCtl_Handler                         0x00000283   Thumb Code     0  startup.o(RESET)
    GPIOPortA_Handler                        0x00000283   Thumb Code     0  startup.o(RESET)
    GPIOPortB_Handler                        0x00000283   Thumb Code     0  startup.o(RESET)
    GPIOPortC_Handler                        0x00000283   Thumb Code     0  startup.o(RESET)
    GPIOPortD_Handler                        0x00000283   Thumb Code     0  startup.o(RESET)
    GPIOPortE_Handler                        0x00000283   Thumb Code     0  startup.o(RESET)
    GPIOPortF_Handler                        0x00000283   Thumb Code     0  startup.o(RESET)
    GPIOPortG_Handler                        0x00000283   Thumb Code     0  startup.o(RESET)
    GPIOPortH_Handler                        0x00000283   Thumb Code     0  startup.o(RESET)
    GPIOPortJ_Handler                        0x00000283   Thumb Code     0  startup.o(RESET)
    GPIOPortK_Handler                        0x00000283   Thumb Code     0  startup.o(RESET)
    GPIOPortL_Handler                        0x00000283   Thumb Code     0  startup.o(RESET)
    GPIOPortM_Handler                        0x00000283   Thumb Code     0  startup.o(RESET)
    GPIOPortN_Handler                        0x00000283   Thumb Code     0  startup.o(RESET)
    GPIOPortP1_Handler                       0x00000283   Thumb Code     0  startup.o(RESET)
    GPIOPortP2_Handler                       0x00000283   Thumb Code     0  startup.o(RESET)
    GPIOPortP3_Handler                       0x00000283   Thumb Code     0  startup.o(RESET)
    GPIOPortP4_Handler                       0x00000283   Thumb Code     0  startup.o(RESET)
    GPIOPortP5_Handler                       0x00000283   Thumb Code     0  startup.o(RESET)
    GPIOPortP6_Handler                       0x00000283   Thumb Code     0  startup.o(RESET)
    GPIOPortP7_Handler                       0x00000283   Thumb Code     0  startup.o(RESET)
    GPIOPortP_Handler                        0x00000283   Thumb Code     0  startup.o(RESET)
    GPIOPortQ1_Handler                       0x00000283   Thumb Code     0  startup.o(RESET)
    GPIOPortQ2_Handler                       0x00000283   Thumb Code     0  startup.o(RESET)
    GPIOPortQ3_Handler                       0x00000283   Thumb Code     0  startup.o(RESET)
    GPIOPortQ4_Handler                       0x00000283   Thumb Code     0  startup.o(RESET)
    GPIOPortQ5_Handler                       0x00000283   Thumb Code     0  startup.o(RESET)
    GPIOPortQ6_Handler                       0x00000283   Thumb Code     0  startup.o(RESET)
    GPIOPortQ7_Handler                       0x00000283   Thumb Code     0  startup.o(RESET)
    GPIOPortQ_Handler                        0x00000283   Thumb Code     0  startup.o(RESET)
    GPIOPortR_Handler                        0x00000283   Thumb Code     0  startup.o(RESET)
    GPIOPortS_Handler                        0x00000283   Thumb Code     0  startup.o(RESET)
    Hibernate_Handler                        0x00000283   Thumb Code     0  startup.o(RESET)
    I2C0_Handler                             0x00000283   Thumb Code     0  startup.o(RESET)
    I2C1_Handler                             0x00000283   Thumb Code     0  startup.o(RESET)
    I2C2_Handler                             0x00000283   Thumb Code     0  startup.o(RESET)
    I2C3_Handler                             0x00000283   Thumb Code     0  startup.o(RESET)
    I2C4_Handler                             0x00000283   Thumb Code     0  startup.o(RESET)
    I2C5_Handler                             0x00000283   Thumb Code     0  startup.o(RESET)
    I2S0_Handler                             0x00000283   Thumb Code     0  startup.o(RESET)
    LPC0_Handler                             0x00000283   Thumb Code     0  startup.o(RESET)
    PECI0_Handler                            0x00000283   Thumb Code     0  startup.o(RESET)
    PWM0Fault_Handler                        0x00000283   Thumb Code     0  startup.o(RESET)
    PWM0Generator0_Handler                   0x00000283   Thumb Code     0  startup.o(RESET)
    PWM0Generator1_Handler                   0x00000283   Thumb Code     0  startup.o(RESET)
    PWM0Generator2_Handler                   0x00000283   Thumb Code     0  startup.o(RESET)
    PWM0Generator3_Handler                   0x00000283   Thumb Code     0  startup.o(RESET)
    PWM1Fault_Handler                        0x00000283   Thumb Code     0  startup.o(RESET)
    PWM1Generator0_Handler                   0x00000283   Thumb Code     0  startup.o(RESET)
    PWM1Generator1_Handler                   0x00000283   Thumb Code     0  startup.o(RESET)
    PWM1Generator2_Handler                   0x00000283   Thumb Code     0  startup.o(RESET)
    PWM1Generator3_Handler                   0x00000283   Thumb Code     0  startup.o(RESET)
    Quadrature0_Handler                      0x00000283   Thumb Code     0  startup.o(RESET)
    Quadrature1_Handler                      0x00000283   Thumb Code     0  startup.o(RESET)
    Quadrature2_Handler                      0x00000283   Thumb Code     0  startup.o(RESET)
    SSI0_Handler                             0x00000283   Thumb Code     0  startup.o(RESET)
    SSI1_Handler                             0x00000283   Thumb Code     0  startup.o(RESET)
    SSI2_Handler                             0x00000283   Thumb Code     0  startup.o(RESET)
    SSI3_Handler                             0x00000283   Thumb Code     0  startup.o(RESET)
    SysCtl_Handler                           0x00000283   Thumb Code     0  startup.o(RESET)
    Timer0A_Handler                          0x00000283   Thumb Code     0  startup.o(RESET)
    Timer0B_Handler                          0x00000283   Thumb Code     0  startup.o(RESET)
    Timer1A_Handler                          0x00000283   Thumb Code     0  startup.o(RESET)
    Timer1B_Handler                          0x00000283   Thumb Code     0  startup.o(RESET)
    Timer2A_Handler                          0x00000283   Thumb Code     0  startup.o(RESET)
    Timer2B_Handler                          0x00000283   Thumb Code     0  startup.o(RESET)
    Timer3A_Handler                          0x00000283   Thumb Code     0  startup.o(RESET)
    Timer3B_Handler                          0x00000283   Thumb Code     0  startup.o(RESET)
    Timer4A_Handler                          0x00000283   Thumb Code     0  startup.o(RESET)
    Timer4B_Handler                          0x00000283   Thumb Code     0  startup.o(RESET)
    Timer5A_Handler                          0x00000283   Thumb Code     0  startup.o(RESET)
    Timer5B_Handler                          0x00000283   Thumb Code     0  startup.o(RESET)
    UART0_Handler                            0x00000283   Thumb Code     0  startup.o(RESET)
    UART1_Handler                            0x00000283   Thumb Code     0  startup.o(RESET)
    UART2_Handler                            0x00000283   Thumb Code     0  startup.o(RESET)
    UART3_Handler                            0x00000283   Thumb Code     0  startup.o(RESET)
    UART4_Handler                            0x00000283   Thumb Code     0  startup.o(RESET)
    UART5_Handler                            0x00000283   Thumb Code     0  startup.o(RESET)
    UART6_Handler                            0x00000283   Thumb Code     0  startup.o(RESET)
    UART7_Handler                            0x00000283   Thumb Code     0  startup.o(RESET)
    USB0_Handler                             0x00000283   Thumb Code     0  startup.o(RESET)
    WDT_Handler                              0x00000283   Thumb Code     0  startup.o(RESET)
    WideTimer0A_Handler                      0x00000283   Thumb Code     0  startup.o(RESET)
    WideTimer0B_Handler                      0x00000283   Thumb Code     0  startup.o(RESET)
    WideTimer1A_Handler                      0x00000283   Thumb Code     0  startup.o(RESET)
    WideTimer1B_Handler                      0x00000283   Thumb Code     0  startup.o(RESET)
    WideTimer2A_Handler                      0x00000283   Thumb Code     0  startup.o(RESET)
    WideTimer2B_Handler                      0x00000283   Thumb Code     0  startup.o(RESET)
    WideTimer3A_Handler                      0x00000283   Thumb Code     0  startup.o(RESET)
    WideTimer3B_Handler                      0x00000283   Thumb Code     0  startup.o(RESET)
    WideTimer4A_Handler                      0x00000283   Thumb Code     0  startup.o(RESET)
    WideTimer4B_Handler                      0x00000283   Thumb Code     0  startup.o(RESET)
    WideTimer5A_Handler                      0x00000283   Thumb Code     0  startup.o(RESET)
    WideTimer5B_Handler                      0x00000283   Thumb Code     0  startup.o(RESET)
    uDMA_Error                               0x00000283   Thumb Code     0  startup.o(RESET)
    uDMA_Handler                             0x00000283   Thumb Code     0  startup.o(RESET)
    __main                                   0x00000285   Thumb Code     8  __main.o(!!!main)
    __scatterload                            0x0000028d   Thumb Code     0  __scatter.o(!!!scatter)
    __scatterload_rt2                        0x0000028d   Thumb Code    44  __scatter.o(!!!scatter)
    __scatterload_rt2_thumb_only             0x0000028d   Thumb Code     0  __scatter.o(!!!scatter)
    __scatterload_null                       0x0000029b   Thumb Code     0  __scatter.o(!!!scatter)
    __scatterload_copy                       0x000002c1   Thumb Code    26  __scatter_copy.o(!!handler_copy)
    __scatterload_zeroinit                   0x000002dd   Thumb Code    28  __scatter_zi.o(!!handler_zi)
    __rt_lib_init                            0x000002f9   Thumb Code     0  libinit.o(.ARM.Collect$$libinit$$00000000)
    __rt_lib_init_fp_1                       0x000002fb   Thumb Code     0  libinit2.o(.ARM.Collect$$libinit$$00000002)
    __rt_lib_init_heap_1                     0x000002fb   Thumb Code     0  libinit2.o(.ARM.Collect$$libinit$$00000008)
    __rt_lib_init_lc_common                  0x000002fb   Thumb Code     0  libinit2.o(.ARM.Collect$$libinit$$0000000D)
    __rt_lib_init_rand_1                     0x000002fb   Thumb Code     0  libinit2.o(.ARM.Collect$$libinit$$0000000C)
    __rt_lib_init_user_alloc_1               0x000002fb   Thumb Code     0  libinit2.o(.ARM.Collect$$libinit$$0000000A)
    __rt_lib_init_lc_collate_1               0x00000301   Thumb Code     0  libinit2.o(.ARM.Collect$$libinit$$0000000F)
    __rt_lib_init_lc_ctype_2                 0x00000301   Thumb Code     0  libinit2.o(.ARM.Collect$$libinit$$00000010)
    __rt_lib_init_lc_ctype_1                 0x0000030d   Thumb Code     0  libinit2.o(.ARM.Collect$$libinit$$00000011)
    __rt_lib_init_lc_monetary_1              0x0000030d   Thumb Code     0  libinit2.o(.ARM.Collect$$libinit$$00000013)
    __rt_lib_init_lc_numeric_2               0x0000030d   Thumb Code     0  libinit2.o(.ARM.Collect$$libinit$$00000014)
    __rt_lib_init_alloca_1                   0x00000317   Thumb Code     0  libinit2.o(.ARM.Collect$$libinit$$0000002C)
    __rt_lib_init_argv_1                     0x00000317   Thumb Code     0  libinit2.o(.ARM.Collect$$libinit$$0000002A)
    __rt_lib_init_atexit_1                   0x00000317   Thumb Code     0  libinit2.o(.ARM.Collect$$libinit$$00000019)
    __rt_lib_init_clock_1                    0x00000317   Thumb Code     0  libinit2.o(.ARM.Collect$$libinit$$0000001F)
    __rt_lib_init_cpp_1                      0x00000317   Thumb Code     0  libinit2.o(.ARM.Collect$$libinit$$00000030)
    __rt_lib_init_exceptions_1               0x00000317   Thumb Code     0  libinit2.o(.ARM.Collect$$libinit$$0000002E)
    __rt_lib_init_fp_trap_1                  0x00000317   Thumb Code     0  libinit2.o(.ARM.Collect$$libinit$$0000001D)
    __rt_lib_init_getenv_1                   0x00000317   Thumb Code     0  libinit2.o(.ARM.Collect$$libinit$$00000021)
    __rt_lib_init_lc_numeric_1               0x00000317   Thumb Code     0  libinit2.o(.ARM.Collect$$libinit$$00000015)
    __rt_lib_init_lc_time_1                  0x00000317   Thumb Code     0  libinit2.o(.ARM.Collect$$libinit$$00000017)
    __rt_lib_init_return                     0x00000317   Thumb Code     0  libinit2.o(.ARM.Collect$$libinit$$00000031)
    __rt_lib_init_signal_1                   0x00000317   Thumb Code     0  libinit2.o(.ARM.Collect$$libinit$$0000001B)
    __rt_lib_init_stdio_1                    0x00000317   Thumb Code     0  libinit2.o(.ARM.Collect$$libinit$$00000023)
    __rt_lib_shutdown                        0x00000319   Thumb Code     0  libshutdown.o(.ARM.Collect$$libshutdown$$00000000)
    __rt_lib_shutdown_fp_trap_1              0x0000031b   Thumb Code     0  libshutdown2.o(.ARM.Collect$$libshutdown$$00000006)
    __rt_lib_shutdown_heap_1                 0x0000031b   Thumb Code     0  libshutdown2.o(.ARM.Collect$$libshutdown$$0000000E)
    __rt_lib_shutdown_return                 0x0000031b   Thumb Code     0  libshutdown2.o(.ARM.Collect$$libshutdown$$0000000F)
    __rt_lib_shutdown_signal_1               0x0000031b   Thumb Code     0  libshutdown2.o(.ARM.Collect$$libshutdown$$00000009)
    __rt_lib_shutdown_stdio_1                0x0000031b   Thumb Code     0  libshutdown2.o(.ARM.Collect$$libshutdown$$00000003)
    __rt_lib_shutdown_user_alloc_1           0x0000031b   Thumb Code     0  libshutdown2.o(.ARM.Collect$$libshutdown$$0000000B)
    __rt_entry                               0x0000031d   Thumb Code     0  rtentry.o(.ARM.Collect$$rtentry$$00000000)
    __rt_entry_presh_1                       0x0000031d   Thumb Code     0  rtentry2.o(.ARM.Collect$$rtentry$$00000002)
    __rt_entry_sh                            0x0000031d   Thumb Code     0  rtentry4.o(.ARM.Collect$$rtentry$$00000004)
    __rt_entry_li                            0x00000323   Thumb Code     0  rtentry2.o(.ARM.Collect$$rtentry$$0000000A)
    __rt_entry_postsh_1                      0x00000323   Thumb Code     0  rtentry2.o(.ARM.Collect$$rtentry$$00000009)
    __rt_entry_main                          0x00000327   Thumb Code     0  rtentry2.o(.ARM.Collect$$rtentry$$0000000D)
    __rt_entry_postli_1                      0x00000327   Thumb Code     0  rtentry2.o(.ARM.Collect$$rtentry$$0000000C)
    __rt_exit                                0x0000032f   Thumb Code     0  rtexit.o(.ARM.Collect$$rtexit$$00000000)
    __rt_exit_ls                             0x00000331   Thumb Code     0  rtexit2.o(.ARM.Collect$$rtexit$$00000003)
    __rt_exit_prels_1                        0x00000331   Thumb Code     0  rtexit2.o(.ARM.Collect$$rtexit$$00000002)
    __rt_exit_exit                           0x00000335   Thumb Code     0  rtexit2.o(.ARM.Collect$$rtexit$$00000004)
    DisableInterrupts                        0x0000033d   Thumb Code     0  startup.o(.text)
    EnableInterrupts                         0x00000341   Thumb Code     0  startup.o(.text)
    StartCritical                            0x00000345   Thumb Code     0  startup.o(.text)
    EndCritical                              0x0000034d   Thumb Code     0  startup.o(.text)
    WaitForInterrupt                         0x00000353   Thumb Code     0  startup.o(.text)
    __user_initial_stackheap                 0x00000357   Thumb Code     0  startup.o(.text)
    strtok                                   0x0000036d   Thumb Code     6  strtok.o(.text)
    strcpy                                   0x00000379   Thumb Code    72  strcpy.o(.text)
    __aeabi_memcpy4                          0x000003c1   Thumb Code     0  rt_memcpy_w.o(.text)
    __aeabi_memcpy8                          0x000003c1   Thumb Code     0  rt_memcpy_w.o(.text)
    __rt_memcpy_w                            0x000003c1   Thumb Code   100  rt_memcpy_w.o(.text)
    _memcpy_lastbytes_aligned                0x00000409   Thumb Code     0  rt_memcpy_w.o(.text)
    strcmp                                   0x00000425   Thumb Code   128  strcmpv7m.o(.text)
    __use_two_region_memory                  0x000004a5   Thumb Code     2  heapauxi.o(.text)
    __rt_heap_escrow$2region                 0x000004a7   Thumb Code     2  heapauxi.o(.text)
    __rt_heap_expand$2region                 0x000004a9   Thumb Code     2  heapauxi.o(.text)
    __read_errno                             0x000004ab   Thumb Code    10  _rserrno.o(.text)
    __set_errno                              0x000004b5   Thumb Code    12  _rserrno.o(.text)
    __strtod_int                             0x000004fd   Thumb Code    88  strtod.o(.text)
    __strtok_internal                        0x00000561   Thumb Code    64  strtok_int.o(.text)
    __aeabi_errno_addr                       0x000005a5   Thumb Code     8  rt_errno_addr_intlibspace.o(.text)
    __errno$intlibspace                      0x000005a5   Thumb Code     0  rt_errno_addr_intlibspace.o(.text)
    __rt_errno_addr$intlibspace              0x000005a5   Thumb Code     0  rt_errno_addr_intlibspace.o(.text)
    isspace                                  0x000005ad   Thumb Code    18  isspace.o(.text)
    _sgetc                                   0x000005bf   Thumb Code    30  _sgetc.o(.text)
    _sbackspace                              0x000005dd   Thumb Code    34  _sgetc.o(.text)
    strcspn                                  0x000005ff   Thumb Code    32  strcspn.o(.text)
    strspn                                   0x0000061f   Thumb Code    28  strspn.o(.text)
    __user_libspace                          0x0000063d   Thumb Code     8  libspace.o(.text)
    __user_perproc_libspace                  0x0000063d   Thumb Code     0  libspace.o(.text)
    __user_perthread_libspace                0x0000063d   Thumb Code     0  libspace.o(.text)
    __user_setup_stackheap                   0x00000645   Thumb Code    74  sys_stackheap_outer.o(.text)
    __rt_ctype_table                         0x00000691   Thumb Code    16  rt_ctype_table.o(.text)
    _scanf_really_real                       0x00000899   Thumb Code   672  scanf_fp.o(.text)
    exit                                     0x00000b45   Thumb Code    12  exit.o(.text)
    __rt_locale                              0x00000b51   Thumb Code     8  rt_locale_intlibspace.o(.text)
    _btod_etento                             0x00000b59   Thumb Code   222  bigflt0.o(.text)
    _scanf_really_hex_real                   0x00000c3d   Thumb Code   776  scanf_hexfp.o(.text)
    _scanf_really_infnan                     0x00000f51   Thumb Code   298  scanf_infnan.o(.text)
    _sys_exit                                0x0000108d   Thumb Code     8  sys_exit.o(.text)
    __aeabi_llsl                             0x00001099   Thumb Code     0  llshl.o(.text)
    _ll_shift_l                              0x00001099   Thumb Code    38  llshl.o(.text)
    _chval                                   0x000010bf   Thumb Code    28  _chval.o(.text)
    __I$use$semihosting                      0x000010db   Thumb Code     0  use_no_semi.o(.text)
    __use_no_semihosting_swi                 0x000010db   Thumb Code     2  use_no_semi.o(.text)
    __btod_div_common                        0x000010dd   Thumb Code   696  btod.o(CL$$btod_div_common)
    __semihosting_library_function           0x000010dd   Thumb Code     0  indicate_semi.o(.text)
    _e2d                                     0x00001415   Thumb Code    80  btod.o(CL$$btod_e2d)
    _e2e                                     0x00001469   Thumb Code   198  btod.o(CL$$btod_e2e)
    _btod_ediv                               0x0000152f   Thumb Code    40  btod.o(CL$$btod_ediv)
    _btod_edivd                              0x00001557   Thumb Code    40  btod.o(CL$$btod_edivd)
    _btod_emul                               0x0000157f   Thumb Code    40  btod.o(CL$$btod_emul)
    _btod_emuld                              0x000015a7   Thumb Code    40  btod.o(CL$$btod_emuld)
    __btod_mult_common                       0x000015cf   Thumb Code   580  btod.o(CL$$btod_mult_common)
    LCD_Cmd                                  0x00001815   Thumb Code    92  config_lcd.o(i.LCD_Cmd)
    LCD_Data                                 0x00001879   Thumb Code    92  config_lcd.o(i.LCD_Data)
    LCD_init                                 0x000018dd   Thumb Code   204  config_lcd.o(i.LCD_init)
    PortF_LEDs_Init                          0x000019c5   Thumb Code    52  leds.o(i.PortF_LEDs_Init)
    UART0_Init                               0x00001a05   Thumb Code   118  uart_0.o(i.UART0_Init)
    UART0_WRITE                              0x00001a8d   Thumb Code    18  uart_0.o(i.UART0_WRITE)
    UART5_Available                          0x00001aa5   Thumb Code    20  uart_5.o(i.UART5_Available)
    UART5_Init                               0x00001abd   Thumb Code   118  uart_5.o(i.UART5_Init)
    UART5_READ                               0x00001b45   Thumb Code    20  uart_5.o(i.UART5_READ)
    __ARM_fpclassify                         0x00001b5d   Thumb Code    40  fpclassify.o(i.__ARM_fpclassify)
    __ieee754_rem_pio2                       0x00001b85   Thumb Code   832  rred.o(i.__ieee754_rem_pio2)
    __kernel_cos                             0x00001f0d   Thumb Code   230  cos_i.o(i.__kernel_cos)
    __kernel_poly                            0x00002009   Thumb Code   170  poly.o(i.__kernel_poly)
    __kernel_sin                             0x000020b5   Thumb Code   224  sin_i.o(i.__kernel_sin)
    __mathlib_dbl_underflow                  0x000021a1   Thumb Code    10  dunder.o(i.__mathlib_dbl_underflow)
    __mathlib_narrow                         0x000021b1   Thumb Code    16  narrow.o(i.__mathlib_narrow)
    __mathlib_tofloat                        0x000021c1   Thumb Code   132  narrow.o(i.__mathlib_tofloat)
    __support_ldexp                          0x00002249   Thumb Code    22  ldexp.o(i.__support_ldexp)
    _is_digit                                0x0000225f   Thumb Code    14  scanf_fp.o(i._is_digit)
    acos                                     0x0000226d   Thumb Code   586  acos.o(i.acos)
    atof                                     0x000024f5   Thumb Code    42  atof.o(i.atof)
    calculate_distance_accurate              0x00002521   Thumb Code   248  gps_calculations.o(i.calculate_distance_accurate)
    cos                                      0x0000262d   Thumb Code   164  cos.o(i.cos)
    delay                                    0x000026d9   Thumb Code    28  timer.o(i.delay)
    delay_init                               0x000026f5   Thumb Code    30  timer.o(i.delay_init)
    delay_milli                              0x00002713   Thumb Code    24  timer.o(i.delay_milli)
    display_string_on_LCD                    0x0000272b   Thumb Code    44  display.o(i.display_string_on_LCD)
    frexp                                    0x00002759   Thumb Code    80  frexp.o(i.frexp)
    ftoa                                     0x000027b1   Thumb Code   140  doubletostring.o(i.ftoa)
    intToStr                                 0x00002841   Thumb Code    72  doubletostring.o(i.intToStr)
    ldexp                                    0x00002889   Thumb Code   126  ldexp.o(i.ldexp)
    main                                     0x00002909   Thumb Code   528  gpsproject_main.o(i.main)
    pow                                      0x00002b9d   Thumb Code  2510  pow.o(i.pow)
    printstring                              0x0000357d   Thumb Code    22  uart_0.o(i.printstring)
    read_from_GPS                            0x00003595   Thumb Code   596  gps_calculations.o(i.read_from_GPS)
    reverse                                  0x000037fd   Thumb Code    28  doubletostring.o(i.reverse)
    sin                                      0x00003819   Thumb Code   166  sin.o(i.sin)
    sqrt                                     0x000038c9   Thumb Code    76  sqrt.o(i.sqrt)
    _get_lc_numeric                          0x00003915   Thumb Code    44  lc_numeric_c.o(locale$$code)
    _get_lc_ctype                            0x00003941   Thumb Code    44  lc_ctype_c.o(locale$$code)
    __aeabi_d2f                              0x0000396d   Thumb Code     0  d2f.o(x$fpl$d2f)
    _d2f                                     0x0000396d   Thumb Code    98  d2f.o(x$fpl$d2f)
    __aeabi_dadd                             0x000039d1   Thumb Code     0  daddsub_clz.o(x$fpl$dadd)
    _dadd                                    0x000039d1   Thumb Code   332  daddsub_clz.o(x$fpl$dadd)
    __fpl_dcheck_NaN1                        0x00003b21   Thumb Code    10  dcheck1.o(x$fpl$dcheck1)
    __fpl_dcmp_Inf                           0x00003b31   Thumb Code    24  dcmpi.o(x$fpl$dcmpinf)
    __aeabi_ddiv                             0x00003b49   Thumb Code     0  ddiv.o(x$fpl$ddiv)
    _ddiv                                    0x00003b49   Thumb Code   552  ddiv.o(x$fpl$ddiv)
    __aeabi_cdcmpeq                          0x00003df9   Thumb Code     0  deqf.o(x$fpl$deqf)
    _dcmpeq                                  0x00003df9   Thumb Code   120  deqf.o(x$fpl$deqf)
    __aeabi_d2iz                             0x00003e71   Thumb Code     0  dfix.o(x$fpl$dfix)
    _dfix                                    0x00003e71   Thumb Code    94  dfix.o(x$fpl$dfix)
    __aeabi_i2d                              0x00003ecf   Thumb Code     0  dflt_clz.o(x$fpl$dflt)
    _dflt                                    0x00003ecf   Thumb Code    46  dflt_clz.o(x$fpl$dflt)
    __aeabi_ui2d                             0x00003efd   Thumb Code     0  dflt_clz.o(x$fpl$dfltu)
    _dfltu                                   0x00003efd   Thumb Code    38  dflt_clz.o(x$fpl$dfltu)
    __aeabi_cdcmple                          0x00003f25   Thumb Code     0  dleqf.o(x$fpl$dleqf)
    _dcmple                                  0x00003f25   Thumb Code   120  dleqf.o(x$fpl$dleqf)
    __fpl_dcmple_InfNaN                      0x00003f87   Thumb Code     0  dleqf.o(x$fpl$dleqf)
    __aeabi_dmul                             0x00003f9d   Thumb Code     0  dmul.o(x$fpl$dmul)
    _dmul                                    0x00003f9d   Thumb Code   332  dmul.o(x$fpl$dmul)
    __fpl_dnaninf                            0x000040f1   Thumb Code   156  dnaninf.o(x$fpl$dnaninf)
    __fpl_dretinf                            0x0000418d   Thumb Code    12  dretinf.o(x$fpl$dretinf)
    __aeabi_cdrcmple                         0x00004199   Thumb Code     0  drleqf.o(x$fpl$drleqf)
    _drcmple                                 0x00004199   Thumb Code   108  drleqf.o(x$fpl$drleqf)
    __aeabi_drsub                            0x00004205   Thumb Code     0  daddsub_clz.o(x$fpl$drsb)
    _drsb                                    0x00004205   Thumb Code    22  daddsub_clz.o(x$fpl$drsb)
    _dsqrt                                   0x0000421d   Thumb Code   404  dsqrt_umaal.o(x$fpl$dsqrt)
    __aeabi_dsub                             0x000043b5   Thumb Code     0  daddsub_clz.o(x$fpl$dsub)
    _dsub                                    0x000043b5   Thumb Code   464  daddsub_clz.o(x$fpl$dsub)
    __aeabi_f2d                              0x00004589   Thumb Code     0  f2d.o(x$fpl$f2d)
    _f2d                                     0x00004589   Thumb Code    86  f2d.o(x$fpl$f2d)
    __aeabi_fadd                             0x000045e1   Thumb Code     0  faddsub_clz.o(x$fpl$fadd)
    _fadd                                    0x000045e1   Thumb Code   196  faddsub_clz.o(x$fpl$fadd)
    __aeabi_f2iz                             0x000046a5   Thumb Code     0  ffix.o(x$fpl$ffix)
    _ffix                                    0x000046a5   Thumb Code    54  ffix.o(x$fpl$ffix)
    __aeabi_i2f                              0x000046dd   Thumb Code     0  fflt_clz.o(x$fpl$fflt)
    _fflt                                    0x000046dd   Thumb Code    48  fflt_clz.o(x$fpl$fflt)
    __fpl_fnaninf                            0x0000470d   Thumb Code   140  fnaninf.o(x$fpl$fnaninf)
    __fpl_fretinf                            0x00004799   Thumb Code    10  fretinf.o(x$fpl$fretinf)
    __aeabi_frsub                            0x000047a3   Thumb Code     0  faddsub_clz.o(x$fpl$frsb)
    _frsb                                    0x000047a3   Thumb Code    20  faddsub_clz.o(x$fpl$frsb)
    __aeabi_fsub                             0x000047b9   Thumb Code     0  faddsub_clz.o(x$fpl$fsub)
    _fsub                                    0x000047b9   Thumb Code   234  faddsub_clz.o(x$fpl$fsub)
    __fpl_return_NaN                         0x000048a3   Thumb Code   100  retnan.o(x$fpl$retnan)
    __ARM_scalbn                             0x00004907   Thumb Code    92  scalbn.o(x$fpl$scalbn)
    _scanf_real                              0x00004963   Thumb Code     4  scanf1.o(x$fpl$scanf1)
    _scanf_hex_real                          0x00004967   Thumb Code     4  scanf2.o(x$fpl$scanf2)
    _scanf_infnan                            0x0000496b   Thumb Code     4  scanf2.o(x$fpl$scanf2)
    __fpl_cmpreturn                          0x0000496f   Thumb Code    48  trapv.o(x$fpl$trapveneer)
    __I$use$fp                               0x0000499e   Number         0  usenofp.o(x$fpl$usenofp)
    __mathlib_zero                           0x00004aa8   Data           8  qnan.o(.constdata)
    Region$$Table$$Base                      0x00004c34   Number         0  anon$$obj.o(Region$$Table)
    Region$$Table$$Limit                     0x00004c54   Number         0  anon$$obj.o(Region$$Table)
    __aeabi_HUGE_VAL                         0x00004c54   Data           0  fpconst.o(c$$dinf)
    __aeabi_HUGE_VALL                        0x00004c54   Data           0  fpconst.o(c$$dinf)
    __aeabi_INFINITY                         0x00004c54   Data           0  fpconst.o(c$$dinf)
    __dInf                                   0x00004c54   Data           0  fpconst.o(c$$dinf)
    __huge_val                               0x00004c54   Data           0  fpconst.o(c$$dinf)
    __ctype                                  0x00004c85   Data           0  lc_ctype_c.o(locale$$data)
    __libspace_start                         0x20000004   Data          96  libspace.o(.bss)
    __temporary_stack_top$libspace           0x20000064   Data           0  libspace.o(.bss)



==============================================================================

Memory Map of the image

  Image Entry point : 0x0000026d

  Load Region LR_1 (Base: 0x00000000, Size: 0x00004d8c, Max: 0xffffffff, ABSOLUTE)

    Execution Region ER_RO (Base: 0x00000000, Size: 0x00004d88, Max: 0xffffffff, ABSOLUTE)

    Base Addr    Size         Type   Attr      Idx    E Section Name        Object

    0x00000000   0x00000284   Code   RO            3  * RESET               startup.o
    0x00000284   0x00000008   Code   RO          419  * !!!main             c_w.l(__main.o)
    0x0000028c   0x00000034   Code   RO          815    !!!scatter          c_w.l(__scatter.o)
    0x000002c0   0x0000001a   Code   RO          817    !!handler_copy      c_w.l(__scatter_copy.o)
    0x000002da   0x00000002   PAD
    0x000002dc   0x0000001c   Code   RO          819    !!handler_zi        c_w.l(__scatter_zi.o)
    0x000002f8   0x00000002   Code   RO          613    .ARM.Collect$$libinit$$00000000  c_w.l(libinit.o)
    0x000002fa   0x00000000   Code   RO          615    .ARM.Collect$$libinit$$00000002  c_w.l(libinit2.o)
    0x000002fa   0x00000000   Code   RO          618    .ARM.Collect$$libinit$$00000008  c_w.l(libinit2.o)
    0x000002fa   0x00000000   Code   RO          620    .ARM.Collect$$libinit$$0000000A  c_w.l(libinit2.o)
    0x000002fa   0x00000000   Code   RO          622    .ARM.Collect$$libinit$$0000000C  c_w.l(libinit2.o)
    0x000002fa   0x00000006   Code   RO          623    .ARM.Collect$$libinit$$0000000D  c_w.l(libinit2.o)
    0x00000300   0x00000000   Code   RO          625    .ARM.Collect$$libinit$$0000000F  c_w.l(libinit2.o)
    0x00000300   0x0000000c   Code   RO          626    .ARM.Collect$$libinit$$00000010  c_w.l(libinit2.o)
    0x0000030c   0x00000000   Code   RO          627    .ARM.Collect$$libinit$$00000011  c_w.l(libinit2.o)
    0x0000030c   0x00000000   Code   RO          629    .ARM.Collect$$libinit$$00000013  c_w.l(libinit2.o)
    0x0000030c   0x0000000a   Code   RO          630    .ARM.Collect$$libinit$$00000014  c_w.l(libinit2.o)
    0x00000316   0x00000000   Code   RO          631    .ARM.Collect$$libinit$$00000015  c_w.l(libinit2.o)
    0x00000316   0x00000000   Code   RO          633    .ARM.Collect$$libinit$$00000017  c_w.l(libinit2.o)
    0x00000316   0x00000000   Code   RO          635    .ARM.Collect$$libinit$$00000019  c_w.l(libinit2.o)
    0x00000316   0x00000000   Code   RO          637    .ARM.Collect$$libinit$$0000001B  c_w.l(libinit2.o)
    0x00000316   0x00000000   Code   RO          639    .ARM.Collect$$libinit$$0000001D  c_w.l(libinit2.o)
    0x00000316   0x00000000   Code   RO          641    .ARM.Collect$$libinit$$0000001F  c_w.l(libinit2.o)
    0x00000316   0x00000000   Code   RO          643    .ARM.Collect$$libinit$$00000021  c_w.l(libinit2.o)
    0x00000316   0x00000000   Code   RO          645    .ARM.Collect$$libinit$$00000023  c_w.l(libinit2.o)
    0x00000316   0x00000000   Code   RO          649    .ARM.Collect$$libinit$$0000002A  c_w.l(libinit2.o)
    0x00000316   0x00000000   Code   RO          651    .ARM.Collect$$libinit$$0000002C  c_w.l(libinit2.o)
    0x00000316   0x00000000   Code   RO          653    .ARM.Collect$$libinit$$0000002E  c_w.l(libinit2.o)
    0x00000316   0x00000000   Code   RO          655    .ARM.Collect$$libinit$$00000030  c_w.l(libinit2.o)
    0x00000316   0x00000002   Code   RO          656    .ARM.Collect$$libinit$$00000031  c_w.l(libinit2.o)
    0x00000318   0x00000002   Code   RO          752    .ARM.Collect$$libshutdown$$00000000  c_w.l(libshutdown.o)
    0x0000031a   0x00000000   Code   RO          776    .ARM.Collect$$libshutdown$$00000003  c_w.l(libshutdown2.o)
    0x0000031a   0x00000000   Code   RO          779    .ARM.Collect$$libshutdown$$00000006  c_w.l(libshutdown2.o)
    0x0000031a   0x00000000   Code   RO          782    .ARM.Collect$$libshutdown$$00000009  c_w.l(libshutdown2.o)
    0x0000031a   0x00000000   Code   RO          784    .ARM.Collect$$libshutdown$$0000000B  c_w.l(libshutdown2.o)
    0x0000031a   0x00000000   Code   RO          787    .ARM.Collect$$libshutdown$$0000000E  c_w.l(libshutdown2.o)
    0x0000031a   0x00000002   Code   RO          788    .ARM.Collect$$libshutdown$$0000000F  c_w.l(libshutdown2.o)
    0x0000031c   0x00000000   Code   RO          509    .ARM.Collect$$rtentry$$00000000  c_w.l(rtentry.o)
    0x0000031c   0x00000000   Code   RO          559    .ARM.Collect$$rtentry$$00000002  c_w.l(rtentry2.o)
    0x0000031c   0x00000006   Code   RO          571    .ARM.Collect$$rtentry$$00000004  c_w.l(rtentry4.o)
    0x00000322   0x00000000   Code   RO          561    .ARM.Collect$$rtentry$$00000009  c_w.l(rtentry2.o)
    0x00000322   0x00000004   Code   RO          562    .ARM.Collect$$rtentry$$0000000A  c_w.l(rtentry2.o)
    0x00000326   0x00000000   Code   RO          564    .ARM.Collect$$rtentry$$0000000C  c_w.l(rtentry2.o)
    0x00000326   0x00000008   Code   RO          565    .ARM.Collect$$rtentry$$0000000D  c_w.l(rtentry2.o)
    0x0000032e   0x00000002   Code   RO          659    .ARM.Collect$$rtexit$$00000000  c_w.l(rtexit.o)
    0x00000330   0x00000000   Code   RO          718    .ARM.Collect$$rtexit$$00000002  c_w.l(rtexit2.o)
    0x00000330   0x00000004   Code   RO          719    .ARM.Collect$$rtexit$$00000003  c_w.l(rtexit2.o)
    0x00000334   0x00000006   Code   RO          720    .ARM.Collect$$rtexit$$00000004  c_w.l(rtexit2.o)
    0x0000033a   0x00000002   PAD
    0x0000033c   0x00000030   Code   RO            4    .text               startup.o
    0x0000036c   0x0000000c   Code   RO          408    .text               c_w.l(strtok.o)
    0x00000378   0x00000048   Code   RO          411    .text               c_w.l(strcpy.o)
    0x000003c0   0x00000064   Code   RO          413    .text               c_w.l(rt_memcpy_w.o)
    0x00000424   0x00000080   Code   RO          415    .text               c_w.l(strcmpv7m.o)
    0x000004a4   0x00000006   Code   RO          417    .text               c_w.l(heapauxi.o)
    0x000004aa   0x00000016   Code   RO          510    .text               c_w.l(_rserrno.o)
    0x000004c0   0x000000a0   Code   RO          512    .text               c_w.l(strtod.o)
    0x00000560   0x00000044   Code   RO          514    .text               c_w.l(strtok_int.o)
    0x000005a4   0x00000008   Code   RO          576    .text               c_w.l(rt_errno_addr_intlibspace.o)
    0x000005ac   0x00000012   Code   RO          578    .text               c_w.l(isspace.o)
    0x000005be   0x00000040   Code   RO          580    .text               c_w.l(_sgetc.o)
    0x000005fe   0x00000020   Code   RO          585    .text               c_w.l(strcspn.o)
    0x0000061e   0x0000001c   Code   RO          587    .text               c_w.l(strspn.o)
    0x0000063a   0x00000002   PAD
    0x0000063c   0x00000008   Code   RO          595    .text               c_w.l(libspace.o)
    0x00000644   0x0000004a   Code   RO          598    .text               c_w.l(sys_stackheap_outer.o)
    0x0000068e   0x00000002   PAD
    0x00000690   0x00000010   Code   RO          600    .text               c_w.l(rt_ctype_table.o)
    0x000006a0   0x000004a4   Code   RO          602    .text               c_w.l(scanf_fp.o)
    0x00000b44   0x0000000c   Code   RO          606    .text               c_w.l(exit.o)
    0x00000b50   0x00000008   Code   RO          664    .text               c_w.l(rt_locale_intlibspace.o)
    0x00000b58   0x000000e4   Code   RO          666    .text               c_w.l(bigflt0.o)
    0x00000c3c   0x00000314   Code   RO          724    .text               c_w.l(scanf_hexfp.o)
    0x00000f50   0x0000013c   Code   RO          726    .text               c_w.l(scanf_infnan.o)
    0x0000108c   0x0000000c   Code   RO          738    .text               c_w.l(sys_exit.o)
    0x00001098   0x00000026   Code   RO          742    .text               c_w.l(llshl.o)
    0x000010be   0x0000001c   Code   RO          744    .text               c_w.l(_chval.o)
    0x000010da   0x00000002   Code   RO          765    .text               c_w.l(use_no_semi.o)
    0x000010dc   0x00000000   Code   RO          767    .text               c_w.l(indicate_semi.o)
    0x000010dc   0x00000338   Code   RO          679    CL$$btod_div_common  c_w.l(btod.o)
    0x00001414   0x00000054   Code   RO          677    CL$$btod_e2d        c_w.l(btod.o)
    0x00001468   0x000000c6   Code   RO          676    CL$$btod_e2e        c_w.l(btod.o)
    0x0000152e   0x00000028   Code   RO          673    CL$$btod_ediv       c_w.l(btod.o)
    0x00001556   0x00000028   Code   RO          675    CL$$btod_edivd      c_w.l(btod.o)
    0x0000157e   0x00000028   Code   RO          672    CL$$btod_emul       c_w.l(btod.o)
    0x000015a6   0x00000028   Code   RO          674    CL$$btod_emuld      c_w.l(btod.o)
    0x000015ce   0x00000244   Code   RO          678    CL$$btod_mult_common  c_w.l(btod.o)
    0x00001812   0x00000002   PAD
    0x00001814   0x00000064   Code   RO          265    i.LCD_Cmd           config_lcd.o
    0x00001878   0x00000064   Code   RO          266    i.LCD_Data          config_lcd.o
    0x000018dc   0x000000e8   Code   RO          267    i.LCD_init          config_lcd.o
    0x000019c4   0x00000040   Code   RO          141    i.PortF_LEDs_Init   leds.o
    0x00001a04   0x00000088   Code   RO           68    i.UART0_Init        uart_0.o
    0x00001a8c   0x00000018   Code   RO           70    i.UART0_WRITE       uart_0.o
    0x00001aa4   0x00000018   Code   RO           34    i.UART5_Available   uart_5.o
    0x00001abc   0x00000088   Code   RO           35    i.UART5_Init        uart_5.o
    0x00001b44   0x00000018   Code   RO           36    i.UART5_READ        uart_5.o
    0x00001b5c   0x00000028   Code   RO          534    i.__ARM_fpclassify  m_ws.l(fpclassify.o)
    0x00001b84   0x00000388   Code   RO          539    i.__ieee754_rem_pio2  m_ws.l(rred.o)
    0x00001f0c   0x000000fc   Code   RO          529    i.__kernel_cos      m_ws.l(cos_i.o)
    0x00002008   0x000000aa   Code   RO          536    i.__kernel_poly     m_ws.l(poly.o)
    0x000020b2   0x00000002   PAD
    0x000020b4   0x000000ec   Code   RO          544    i.__kernel_sin      m_ws.l(sin_i.o)
    0x000021a0   0x00000010   Code   RO          532    i.__mathlib_dbl_underflow  m_ws.l(dunder.o)
    0x000021b0   0x00000010   Code   RO          711    i.__mathlib_narrow  m_ws.l(narrow.o)
    0x000021c0   0x00000088   Code   RO          712    i.__mathlib_tofloat  m_ws.l(narrow.o)
    0x00002248   0x00000016   Code   RO          754    i.__support_ldexp   m_ws.l(ldexp.o)
    0x0000225e   0x0000000e   Code   RO          604    i._is_digit         c_w.l(scanf_fp.o)
    0x0000226c   0x00000288   Code   RO          470    i.acos              m_ws.l(acos.o)
    0x000024f4   0x0000002a   Code   RO          480    i.atof              m_ws.l(atof.o)
    0x0000251e   0x00000002   PAD
    0x00002520   0x0000010c   Code   RO          192    i.calculate_distance_accurate  gps_calculations.o
    0x0000262c   0x000000ac   Code   RO          484    i.cos               m_ws.l(cos.o)
    0x000026d8   0x0000001c   Code   RO          334    i.delay             timer.o
    0x000026f4   0x0000001e   Code   RO          335    i.delay_init        timer.o
    0x00002712   0x00000018   Code   RO          337    i.delay_milli       timer.o
    0x0000272a   0x0000002c   Code   RO          293    i.display_string_on_LCD  display.o
    0x00002756   0x00000002   PAD
    0x00002758   0x00000058   Code   RO          733    i.frexp             m_ws.l(frexp.o)
    0x000027b0   0x00000090   Code   RO          109    i.ftoa              doubletostring.o
    0x00002840   0x00000048   Code   RO          110    i.intToStr          doubletostring.o
    0x00002888   0x0000007e   Code   RO          755    i.ldexp             m_ws.l(ldexp.o)
    0x00002906   0x00000002   PAD
    0x00002908   0x00000294   Code   RO          365    i.main              gpsproject_main.o
    0x00002b9c   0x000009e0   Code   RO          492    i.pow               m_ws.l(pow.o)
    0x0000357c   0x00000016   Code   RO           71    i.printstring       uart_0.o
    0x00003592   0x00000002   PAD
    0x00003594   0x00000268   Code   RO          196    i.read_from_GPS     gps_calculations.o
    0x000037fc   0x0000001c   Code   RO          111    i.reverse           doubletostring.o
    0x00003818   0x000000b0   Code   RO          502    i.sin               m_ws.l(sin.o)
    0x000038c8   0x0000004c   Code   RO          551    i.sqrt              m_ws.l(sqrt.o)
    0x00003914   0x0000002c   Code   RO          583    locale$$code        c_w.l(lc_numeric_c.o)
    0x00003940   0x0000002c   Code   RO          692    locale$$code        c_w.l(lc_ctype_c.o)
    0x0000396c   0x00000062   Code   RO          421    x$fpl$d2f           fz_ws.l(d2f.o)
    0x000039ce   0x00000002   PAD
    0x000039d0   0x00000150   Code   RO          423    x$fpl$dadd          fz_ws.l(daddsub_clz.o)
    0x00003b20   0x00000010   Code   RO          589    x$fpl$dcheck1       fz_ws.l(dcheck1.o)
    0x00003b30   0x00000018   Code   RO          516    x$fpl$dcmpinf       fz_ws.l(dcmpi.o)
    0x00003b48   0x000002b0   Code   RO          430    x$fpl$ddiv          fz_ws.l(ddiv.o)
    0x00003df8   0x00000078   Code   RO          433    x$fpl$deqf          fz_ws.l(deqf.o)
    0x00003e70   0x0000005e   Code   RO          435    x$fpl$dfix          fz_ws.l(dfix.o)
    0x00003ece   0x0000002e   Code   RO          440    x$fpl$dflt          fz_ws.l(dflt_clz.o)
    0x00003efc   0x00000026   Code   RO          439    x$fpl$dfltu         fz_ws.l(dflt_clz.o)
    0x00003f22   0x00000002   PAD
    0x00003f24   0x00000078   Code   RO          445    x$fpl$dleqf         fz_ws.l(dleqf.o)
    0x00003f9c   0x00000154   Code   RO          447    x$fpl$dmul          fz_ws.l(dmul.o)
    0x000040f0   0x0000009c   Code   RO          518    x$fpl$dnaninf       fz_ws.l(dnaninf.o)
    0x0000418c   0x0000000c   Code   RO          520    x$fpl$dretinf       fz_ws.l(dretinf.o)
    0x00004198   0x0000006c   Code   RO          449    x$fpl$drleqf        fz_ws.l(drleqf.o)
    0x00004204   0x00000016   Code   RO          424    x$fpl$drsb          fz_ws.l(daddsub_clz.o)
    0x0000421a   0x00000002   PAD
    0x0000421c   0x00000198   Code   RO          591    x$fpl$dsqrt         fz_ws.l(dsqrt_umaal.o)
    0x000043b4   0x000001d4   Code   RO          425    x$fpl$dsub          fz_ws.l(daddsub_clz.o)
    0x00004588   0x00000056   Code   RO          451    x$fpl$f2d           fz_ws.l(f2d.o)
    0x000045de   0x00000002   PAD
    0x000045e0   0x000000c4   Code   RO          453    x$fpl$fadd          fz_ws.l(faddsub_clz.o)
    0x000046a4   0x00000036   Code   RO          459    x$fpl$ffix          fz_ws.l(ffix.o)
    0x000046da   0x00000002   PAD
    0x000046dc   0x00000030   Code   RO          464    x$fpl$fflt          fz_ws.l(fflt_clz.o)
    0x0000470c   0x0000008c   Code   RO          522    x$fpl$fnaninf       fz_ws.l(fnaninf.o)
    0x00004798   0x0000000a   Code   RO          524    x$fpl$fretinf       fz_ws.l(fretinf.o)
    0x000047a2   0x00000014   Code   RO          454    x$fpl$frsb          fz_ws.l(faddsub_clz.o)
    0x000047b6   0x00000002   PAD
    0x000047b8   0x000000ea   Code   RO          455    x$fpl$fsub          fz_ws.l(faddsub_clz.o)
    0x000048a2   0x00000064   Code   RO          657    x$fpl$retnan        fz_ws.l(retnan.o)
    0x00004906   0x0000005c   Code   RO          526    x$fpl$scalbn        fz_ws.l(scalbn.o)
    0x00004962   0x00000004   Code   RO          593    x$fpl$scanf1        fz_ws.l(scanf1.o)
    0x00004966   0x00000008   Code   RO          703    x$fpl$scanf2        fz_ws.l(scanf2.o)
    0x0000496e   0x00000030   Code   RO          709    x$fpl$trapveneer    fz_ws.l(trapv.o)
    0x0000499e   0x00000000   Code   RO          528    x$fpl$usenofp       fz_ws.l(usenofp.o)
    0x0000499e   0x00000002   PAD
    0x000049a0   0x00000050   Data   RO          471    .constdata          m_ws.l(acos.o)
    0x000049f0   0x00000088   Data   RO          493    .constdata          m_ws.l(pow.o)
    0x00004a78   0x00000030   Data   RO          530    .constdata          m_ws.l(cos_i.o)
    0x00004aa8   0x00000008   Data   RO          538    .constdata          m_ws.l(qnan.o)
    0x00004ab0   0x000000c8   Data   RO          541    .constdata          m_ws.l(rred.o)
    0x00004b78   0x00000028   Data   RO          545    .constdata          m_ws.l(sin_i.o)
    0x00004ba0   0x00000094   Data   RO          667    .constdata          c_w.l(bigflt0.o)
    0x00004c34   0x00000020   Data   RO          813    Region$$Table       anon$$obj.o
    0x00004c54   0x00000008   Data   RO          696    c$$dinf             fz_ws.l(fpconst.o)
    0x00004c5c   0x0000001c   Data   RO          582    locale$$data        c_w.l(lc_numeric_c.o)
    0x00004c78   0x00000110   Data   RO          691    locale$$data        c_w.l(lc_ctype_c.o)


    Execution Region ER_RW (Base: 0x20000000, Size: 0x00000004, Max: 0xffffffff, ABSOLUTE)

    Base Addr    Size         Type   Attr      Idx    E Section Name        Object

    0x20000000   0x00000004   Data   RW          409    .data               c_w.l(strtok.o)


    Execution Region ER_ZI (Base: 0x20000004, Size: 0x00004264, Max: 0xffffffff, ABSOLUTE)

    Base Addr    Size         Type   Attr      Idx    E Section Name        Object

    0x20000004   0x00000060   Zero   RW          596    .bss                c_w.l(libspace.o)
    0x20000064   0x00000004   PAD
    0x20000068   0x00000000   Zero   RW            2    HEAP                startup.o
    0x20000068   0x00004200   Zero   RW            1    STACK               startup.o


==============================================================================

Image component sizes


      Code (inc. data)   RO Data    RW Data    ZI Data      Debug   Object Name

       432         44          0          0          0       1416   config_lcd.o
         0          0          0          0          0       1444   delays.o
        44          0          0          0          0        544   display.o
       244          4          0          0          0       1916   doubletostring.o
       884         40          0          0          0       2918   gps_calculations.o
       660        132          0          0          0       1255   gpsproject_main.o
        64         12          0          0          0       3182   leds.o
       692        632          0          0      16896        884   startup.o
        82          0          0          0          0       1251   timer.o
       182         24          0          0          0       1289   uart_0.o
       184         26          0          0          0       1280   uart_5.o

    ----------------------------------------------------------------------
      3472        914         32          0      16896      17379   Object Totals
         0          0         32          0          0          0   (incl. Generated)
         4          0          0          0          0          0   (incl. Padding)

    ----------------------------------------------------------------------

      Code (inc. data)   RO Data    RW Data    ZI Data      Debug   Library Member Name

         8          0          0          0          0         68   __main.o
        52          8          0          0          0          0   __scatter.o
        26          0          0          0          0          0   __scatter_copy.o
        28          0          0          0          0          0   __scatter_zi.o
        28          0          0          0          0         68   _chval.o
        22          0          0          0          0        100   _rserrno.o
        64          0          0          0          0         84   _sgetc.o
       228          6        148          0          0         96   bigflt0.o
      1846        132          0          0          0        736   btod.o
        12          0          0          0          0         72   exit.o
         6          0          0          0          0        152   heapauxi.o
         0          0          0          0          0          0   indicate_semi.o
        18          0          0          0          0         76   isspace.o
        44         10        272          0          0         76   lc_ctype_c.o
        44         10         28          0          0         76   lc_numeric_c.o
         2          0          0          0          0          0   libinit.o
        30          0          0          0          0          0   libinit2.o
         2          0          0          0          0          0   libshutdown.o
         2          0          0          0          0          0   libshutdown2.o
         8          4          0          0         96         68   libspace.o
        38          0          0          0          0         68   llshl.o
        16          4          0          0          0         76   rt_ctype_table.o
         8          4          0          0          0         68   rt_errno_addr_intlibspace.o
         8          4          0          0          0         68   rt_locale_intlibspace.o
       100          0          0          0          0         80   rt_memcpy_w.o
         0          0          0          0          0          0   rtentry.o
        12          0          0          0          0          0   rtentry2.o
         6          0          0          0          0          0   rtentry4.o
         2          0          0          0          0          0   rtexit.o
        10          0          0          0          0          0   rtexit2.o
      1202         12          0          0          0        216   scanf_fp.o
       788         12          0          0          0        100   scanf_hexfp.o
       316         18          0          0          0        100   scanf_infnan.o
       128          0          0          0          0         68   strcmpv7m.o
        72          0          0          0          0         80   strcpy.o
        32          0          0          0          0         80   strcspn.o
        28          0          0          0          0         80   strspn.o
       160         12          0          0          0        120   strtod.o
        12          6          0          4          0         68   strtok.o
        68          4          0          0          0         84   strtok_int.o
        12          4          0          0          0         68   sys_exit.o
        74          0          0          0          0         80   sys_stackheap_outer.o
         2          0          0          0          0         68   use_no_semi.o
        98          4          0          0          0         92   d2f.o
       826         16          0          0          0        348   daddsub_clz.o
        16          4          0          0          0         68   dcheck1.o
        24          0          0          0          0         68   dcmpi.o
       688        140          0          0          0        208   ddiv.o
       120          4          0          0          0         92   deqf.o
        94          4          0          0          0         92   dfix.o
        84          0          0          0          0        136   dflt_clz.o
       120          4          0          0          0         92   dleqf.o
       340         12          0          0          0        104   dmul.o
       156          4          0          0          0         92   dnaninf.o
        12          0          0          0          0         68   dretinf.o
       108          0          0          0          0         80   drleqf.o
       408         56          0          0          0        120   dsqrt_umaal.o
        86          4          0          0          0         84   f2d.o
       450          8          0          0          0        236   faddsub_clz.o
        54          4          0          0          0         84   ffix.o
        48          0          0          0          0         68   fflt_clz.o
       140          4          0          0          0         84   fnaninf.o
         0          0          8          0          0          0   fpconst.o
        10          0          0          0          0         68   fretinf.o
       100          0          0          0          0         68   retnan.o
        92          0          0          0          0         68   scalbn.o
         4          0          0          0          0         68   scanf1.o
         8          0          0          0          0         84   scanf2.o
        48          0          0          0          0         68   trapv.o
         0          0          0          0          0          0   usenofp.o
       648         62         80          0          0        188   acos.o
        42          0          0          0          0         84   atof.o
       172          8          0          0          0        112   cos.o
       252         22         48          0          0        124   cos_i.o
        16          6          0          0          0         68   dunder.o
        40          0          0          0          0         68   fpclassify.o
        88          8          0          0          0         76   frexp.o
       148          0          0          0          0        160   ldexp.o
       152          4          0          0          0        160   narrow.o
       170          0          0          0          0         96   poly.o
      2528        190        136          0          0        332   pow.o
         0          0          8          0          0          0   qnan.o
       904         72        200          0          0        140   rred.o
       176         10          0          0          0        116   sin.o
       236         12         40          0          0        128   sin_i.o
        76          0          0          0          0         84   sqrt.o

    ----------------------------------------------------------------------
     15376        912        968          4        100       7820   Library Totals
        30          0          0          0          4          0   (incl. Padding)

    ----------------------------------------------------------------------

      Code (inc. data)   RO Data    RW Data    ZI Data      Debug   Library Name

      5564        250        448          4         96       3244   c_w.l
      4134        268          8          0          0       2640   fz_ws.l
      5648        394        512          0          0       1936   m_ws.l

    ----------------------------------------------------------------------
     15376        912        968          4        100       7820   Library Totals

    ----------------------------------------------------------------------

==============================================================================


      Code (inc. data)   RO Data    RW Data    ZI Data      Debug   

     18848       1826       1000          4      16996      19947   Grand Totals
     18848       1826       1000          4      16996      19947   ELF Image Totals
     18848       1826       1000          4          0          0   ROM Totals

==============================================================================

    Total RO  Size (Code + RO Data)                19848 (  19.38kB)
    Total RW  Size (RW Data + ZI Data)             17000 (  16.60kB)
    Total ROM Size (Code + RO Data + RW Data)      19852 (  19.39kB)

==============================================================================

